1 - === Starting EnumTest JUnit test
1 -  --endorsed -- alma.acs.testsupport.tat.TATJUnitRunner alma.ACS.jbaci.enumProp.test.EnumPropertyTest
1 - java version "1.8.0_45"
1 - Java(TM) SE Runtime Environment (build 1.8.0_45-b14)
1 - Java HotSpot(TM) 64-Bit Server VM (build 25.45-b02, mixed mode)
1 - 
1 - TEST_RUNNER_REPORT success/total: 12/12
1 - JUnit test run succeeded
1 - === dispatchAction EnumTest test completed
