1 - === Starting PropertyPrimTest JUnit test
1 -  --endorsed -- alma.acs.testsupport.tat.TATJUnitRunner alma.TT.PropertyPrimTest
1 - java version "1.8.0_45"
1 - Java(TM) SE Runtime Environment (build 1.8.0_45-b14)
1 - Java HotSpot(TM) 64-Bit Server VM (build 25.45-b02, mixed mode)
1 - 
1 - TEST_RUNNER_REPORT success/total: 30/30
1 - JUnit test run succeeded
1 - === dispatchAction PropertyPrim test completed
